[    3881ms] [WARNING] Missing environment variable: NEXT_PUBLIC_JWT_SECRET @ http://localhost:3000/_next/static/chunks/node_modules_next_dist_f3530cac._.js:2297
[    3886ms] [WARNING] Missing environment variable: NEXT_PUBLIC_GCASH_PUBLIC_KEY @ http://localhost:3000/_next/static/chunks/node_modules_next_dist_f3530cac._.js:2297
[    3887ms] [WARNING] Missing environment variable: NEXT_PUBLIC_PAYMAYA_PUBLIC_KEY @ http://localhost:3000/_next/static/chunks/node_modules_next_dist_f3530cac._.js:2297
[    3888ms] [WARNING] Missing environment variable: NEXT_PUBLIC_STRIPE_PUBLISHABLE_KEY @ http://localhost:3000/_next/static/chunks/node_modules_next_dist_f3530cac._.js:2297
[    3891ms] [WARNING] Missing environment variable: NEXT_PUBLIC_CDN_URL @ http://localhost:3000/_next/static/chunks/node_modules_next_dist_f3530cac._.js:2297
[    3893ms] [WARNING] Missing environment variable: NEXT_PUBLIC_GOOGLE_MAPS_API_KEY @ http://localhost:3000/_next/static/chunks/node_modules_next_dist_f3530cac._.js:2297
[    3894ms] [WARNING] Missing environment variable: NEXT_PUBLIC_GA_TRACKING_ID @ http://localhost:3000/_next/static/chunks/node_modules_next_dist_f3530cac._.js:2297
[    3895ms] [WARNING] Missing environment variable: NEXT_PUBLIC_FB_PIXEL_ID @ http://localhost:3000/_next/static/chunks/node_modules_next_dist_f3530cac._.js:2297
[    3897ms] [WARNING] Missing environment variable: NEXT_PUBLIC_FACEBOOK_URL @ http://localhost:3000/_next/static/chunks/node_modules_next_dist_f3530cac._.js:2297
[    3897ms] [WARNING] Missing environment variable: NEXT_PUBLIC_INSTAGRAM_URL @ http://localhost:3000/_next/static/chunks/node_modules_next_dist_f3530cac._.js:2297
[    3897ms] [WARNING] Missing environment variable: NEXT_PUBLIC_TWITTER_URL @ http://localhost:3000/_next/static/chunks/node_modules_next_dist_f3530cac._.js:2297
[    4999ms] [WARNING] Background sync registration failed: InvalidStateError: Failed to execute 'register' on 'SyncManager': Registration failed - no active Service Worker
    at registerServiceWorker (http://localhost:3000/_next/static/chunks/_8b6beb03._.js:1110:41) @ http://localhost:3000/_next/static/chunks/node_modules_next_dist_f3530cac._.js:2297
[   24878ms] [WARNING] The width(-1) and height(-1) of chart should be greater than 0,
       please check the style of container, or the props width(100%) and height(100%),
       or add a minWidth(0) or minHeight(undefined) or use aspect(undefined) to control the
       height and width. @ http://localhost:3000/_next/static/chunks/node_modules_next_dist_f3530cac._.js:2297
[   24878ms] [WARNING] The width(-1) and height(-1) of chart should be greater than 0,
       please check the style of container, or the props width(100%) and height(100%),
       or add a minWidth(0) or minHeight(undefined) or use aspect(undefined) to control the
       height and width. @ http://localhost:3000/_next/static/chunks/node_modules_next_dist_f3530cac._.js:2297
[   24901ms] [WARNING] The width(-1) and height(-1) of chart should be greater than 0,
       please check the style of container, or the props width(100%) and height(100%),
       or add a minWidth(0) or minHeight(undefined) or use aspect(undefined) to control the
       height and width. @ http://localhost:3000/_next/static/chunks/node_modules_next_dist_f3530cac._.js:2297
[   24904ms] [WARNING] The width(-1) and height(-1) of chart should be greater than 0,
       please check the style of container, or the props width(100%) and height(100%),
       or add a minWidth(0) or minHeight(undefined) or use aspect(undefined) to control the
       height and width. @ http://localhost:3000/_next/static/chunks/node_modules_next_dist_f3530cac._.js:2297
