[    1474ms] [WARNING] Missing environment variable: NEXT_PUBLIC_JWT_SECRET @ http://localhost:3000/_next/static/chunks/node_modules_next_dist_f3530cac._.js:2297
[    1474ms] [WARNING] Missing environment variable: NEXT_PUBLIC_GCASH_PUBLIC_KEY @ http://localhost:3000/_next/static/chunks/node_modules_next_dist_f3530cac._.js:2297
[    1474ms] [WARNING] Missing environment variable: NEXT_PUBLIC_PAYMAYA_PUBLIC_KEY @ http://localhost:3000/_next/static/chunks/node_modules_next_dist_f3530cac._.js:2297
[    1475ms] [WARNING] Missing environment variable: NEXT_PUBLIC_STRIPE_PUBLISHABLE_KEY @ http://localhost:3000/_next/static/chunks/node_modules_next_dist_f3530cac._.js:2297
[    1475ms] [WARNING] Missing environment variable: NEXT_PUBLIC_CDN_URL @ http://localhost:3000/_next/static/chunks/node_modules_next_dist_f3530cac._.js:2297
[    1475ms] [WARNING] Missing environment variable: NEXT_PUBLIC_GOOGLE_MAPS_API_KEY @ http://localhost:3000/_next/static/chunks/node_modules_next_dist_f3530cac._.js:2297
[    1475ms] [WARNING] Missing environment variable: NEXT_PUBLIC_GA_TRACKING_ID @ http://localhost:3000/_next/static/chunks/node_modules_next_dist_f3530cac._.js:2297
[    1475ms] [WARNING] Missing environment variable: NEXT_PUBLIC_FB_PIXEL_ID @ http://localhost:3000/_next/static/chunks/node_modules_next_dist_f3530cac._.js:2297
[    1475ms] [WARNING] Missing environment variable: NEXT_PUBLIC_FACEBOOK_URL @ http://localhost:3000/_next/static/chunks/node_modules_next_dist_f3530cac._.js:2297
[    1475ms] [WARNING] Missing environment variable: NEXT_PUBLIC_INSTAGRAM_URL @ http://localhost:3000/_next/static/chunks/node_modules_next_dist_f3530cac._.js:2297
[    1475ms] [WARNING] Missing environment variable: NEXT_PUBLIC_TWITTER_URL @ http://localhost:3000/_next/static/chunks/node_modules_next_dist_f3530cac._.js:2297
[  108369ms] [WARNING] Missing environment variable: NEXT_PUBLIC_JWT_SECRET @ http://localhost:3000/_next/static/chunks/node_modules_next_dist_f3530cac._.js:2297
[  108370ms] [WARNING] Missing environment variable: NEXT_PUBLIC_GCASH_PUBLIC_KEY @ http://localhost:3000/_next/static/chunks/node_modules_next_dist_f3530cac._.js:2297
[  108370ms] [WARNING] Missing environment variable: NEXT_PUBLIC_PAYMAYA_PUBLIC_KEY @ http://localhost:3000/_next/static/chunks/node_modules_next_dist_f3530cac._.js:2297
[  108371ms] [WARNING] Missing environment variable: NEXT_PUBLIC_STRIPE_PUBLISHABLE_KEY @ http://localhost:3000/_next/static/chunks/node_modules_next_dist_f3530cac._.js:2297
[  108371ms] [WARNING] Missing environment variable: NEXT_PUBLIC_CDN_URL @ http://localhost:3000/_next/static/chunks/node_modules_next_dist_f3530cac._.js:2297
[  108371ms] [WARNING] Missing environment variable: NEXT_PUBLIC_GOOGLE_MAPS_API_KEY @ http://localhost:3000/_next/static/chunks/node_modules_next_dist_f3530cac._.js:2297
[  108371ms] [WARNING] Missing environment variable: NEXT_PUBLIC_GA_TRACKING_ID @ http://localhost:3000/_next/static/chunks/node_modules_next_dist_f3530cac._.js:2297
[  108371ms] [WARNING] Missing environment variable: NEXT_PUBLIC_FB_PIXEL_ID @ http://localhost:3000/_next/static/chunks/node_modules_next_dist_f3530cac._.js:2297
[  108372ms] [WARNING] Missing environment variable: NEXT_PUBLIC_FACEBOOK_URL @ http://localhost:3000/_next/static/chunks/node_modules_next_dist_f3530cac._.js:2297
[  108373ms] [WARNING] Missing environment variable: NEXT_PUBLIC_INSTAGRAM_URL @ http://localhost:3000/_next/static/chunks/node_modules_next_dist_f3530cac._.js:2297
[  108373ms] [WARNING] Missing environment variable: NEXT_PUBLIC_TWITTER_URL @ http://localhost:3000/_next/static/chunks/node_modules_next_dist_f3530cac._.js:2297
[  229017ms] [WARNING] ❌ Ping error: signal is aborted without reason @ http://localhost:3000/_next/static/chunks/node_modules_next_dist_f3530cac._.js:2297
[  258535ms] [WARNING] ❌ Ping error: signal is aborted without reason @ http://localhost:3000/_next/static/chunks/node_modules_next_dist_f3530cac._.js:2297
[  309099ms] [WARNING] ❌ Ping error: signal is aborted without reason @ http://localhost:3000/_next/static/chunks/node_modules_next_dist_f3530cac._.js:2297
[  443026ms] [WARNING] ❌ Ping error: signal is aborted without reason @ http://localhost:3000/_next/static/chunks/node_modules_next_dist_f3530cac._.js:2297
[  458923ms] [WARNING] ❌ Ping error: signal is aborted without reason @ http://localhost:3000/_next/static/chunks/node_modules_next_dist_f3530cac._.js:2297
[  658902ms] [WARNING] ❌ Ping error: signal is aborted without reason @ http://localhost:3000/_next/static/chunks/node_modules_next_dist_f3530cac._.js:2297
[  728722ms] [WARNING] ❌ Ping error: signal is aborted without reason @ http://localhost:3000/_next/static/chunks/node_modules_next_dist_f3530cac._.js:2297
